
--- NOTIFICATION FOR TEST_FINAL_USER (TOURIST VISITOR) at 2026-08-31 ---
[AUTO-SMS to +91-9988776655]:
Welcome to SanskritiPulse AI, test_final_user! Your account has been approved with role 'Tourist Visitor'. Explore living traditions, manage plans, and broadcast live updates of Karnataka's grand festivals.
[AUTO-EMAIL to monika@gmail.com]:
Subject: Welcome to SanskritiPulse AI Portal, test_final_user!

Namaste test_final_user,

Welcome to SanskritiPulse AI - the Unified Cultural Intelligence and Stakeholder Portal of Karnataka!

Your account has been successfully configured with the role: Tourist Visitor.

Account Details:
- Username: test_final_user
- Assigned Role: Tourist Visitor
- Contact Email: monika@gmail.com
- Contact Phone: +91-9988776655

Based on your role, you now have access to our unified features:
- Tourist Discovery: Explore custom Haversine travel plans and AI-guided routes.
- Site Operations: Publish festivals, view visitor counts, and broadcast live event advisories.
- Government Intelligence: Verify submissions, view crowd metrics, and manage regional advisory flags.

Happy Exploring!

Warm regards,
SanskritiPulse AI Engineering Team
Department of Tourism, Government of Karnataka
------------------------------------------------------------

--- NOTIFICATION FOR PRAGU (TOURIST VISITOR) at 2026-08-31 ---
[AUTO-SMS to 9880045620]:
Welcome to SanskritiPulse AI, pragu! Your account has been approved with role 'Tourist Visitor'. Explore living traditions, manage plans, and broadcast live updates of Karnataka's grand festivals.
[AUTO-EMAIL to pragudeepu@gmail.com]:
Subject: Welcome to SanskritiPulse AI Portal, pragu!

Namaste pragu,

Welcome to SanskritiPulse AI - the Unified Cultural Intelligence and Stakeholder Portal of Karnataka!

Your account has been successfully configured with the role: Tourist Visitor.

Account Details:
- Username: pragu
- Assigned Role: Tourist Visitor
- Contact Email: pragudeepu@gmail.com
- Contact Phone: 9880045620

Based on your role, you now have access to our unified features:
- Tourist Discovery: Explore custom Haversine travel plans and AI-guided routes.
- Site Operations: Publish festivals, view visitor counts, and broadcast live event advisories.
- Government Intelligence: Verify submissions, view crowd metrics, and manage regional advisory flags.

Happy Exploring!

Warm regards,
SanskritiPulse AI Engineering Team
Department of Tourism, Government of Karnataka
------------------------------------------------------------

--- NOTIFICATION FOR MONIKA KN (FESTIVAL EVENT AUTHORITY) at 2026-08-31 ---
[AUTO-SMS to 9880045620]:
Welcome to SanskritiPulse AI, Monika kn! Your account has been approved with role 'Festival Event Authority'. Explore living traditions, manage plans, and broadcast live updates of Karnataka's grand festivals.
[AUTO-EMAIL to pragudeepu@gmail.com]:
Subject: Welcome to SanskritiPulse AI Portal, Monika kn!

Namaste Monika kn,

Welcome to SanskritiPulse AI - the Unified Cultural Intelligence and Stakeholder Portal of Karnataka!

Your account has been successfully configured with the role: Festival Event Authority.

Account Details:
- Username: Monika kn
- Assigned Role: Festival Event Authority
- Contact Email: pragudeepu@gmail.com
- Contact Phone: 9880045620

Based on your role, you now have access to our unified features:
- Tourist Discovery: Explore custom Haversine travel plans and AI-guided routes.
- Site Operations: Publish festivals, view visitor counts, and broadcast live event advisories.
- Government Intelligence: Verify submissions, view crowd metrics, and manage regional advisory flags.

Happy Exploring!

Warm regards,
SanskritiPulse AI Engineering Team
Department of Tourism, Government of Karnataka
------------------------------------------------------------

--- NOTIFICATION FOR SIMRAN (FESTIVAL EVENT AUTHORITY) at 2026-08-31 ---
[AUTO-SMS to 9880045620]:
Welcome to SanskritiPulse AI, simran! Your account has been approved with role 'Festival Event Authority'. Explore living traditions, manage plans, and broadcast live updates of Karnataka's grand festivals.
[AUTO-EMAIL to simransim@gmail.com]:
Subject: Welcome to SanskritiPulse AI Portal, simran!

Namaste simran,

Welcome to SanskritiPulse AI - the Unified Cultural Intelligence and Stakeholder Portal of Karnataka!

Your account has been successfully configured with the role: Festival Event Authority.

Account Details:
- Username: simran
- Assigned Role: Festival Event Authority
- Contact Email: simransim@gmail.com
- Contact Phone: 9880045620

Based on your role, you now have access to our unified features:
- Tourist Discovery: Explore custom Haversine travel plans and AI-guided routes.
- Site Operations: Publish festivals, view visitor counts, and broadcast live event advisories.
- Government Intelligence: Verify submissions, view crowd metrics, and manage regional advisory flags.

Happy Exploring!

Warm regards,
SanskritiPulse AI Engineering Team
Department of Tourism, Government of Karnataka
------------------------------------------------------------

--- NOTIFICATION FOR NANDISH (TOURISM DEPARTMENT OFFICIAL) at 2026-08-31 ---
[AUTO-SMS to 9880045620]:
Welcome to SanskritiPulse AI, nandish! Your account has been approved with role 'Tourism Department Official'. Explore living traditions, manage plans, and broadcast live updates of Karnataka's grand festivals.
[AUTO-EMAIL to nandish@gmail.com]:
Subject: Welcome to SanskritiPulse AI Portal, nandish!

Namaste nandish,

Welcome to SanskritiPulse AI - the Unified Cultural Intelligence and Stakeholder Portal of Karnataka!

Your account has been successfully configured with the role: Tourism Department Official.

Account Details:
- Username: nandish
- Assigned Role: Tourism Department Official
- Contact Email: nandish@gmail.com
- Contact Phone: 9880045620

Based on your role, you now have access to our unified features:
- Tourist Discovery: Explore custom Haversine travel plans and AI-guided routes.
- Site Operations: Publish festivals, view visitor counts, and broadcast live event advisories.
- Government Intelligence: Verify submissions, view crowd metrics, and manage regional advisory flags.

Happy Exploring!

Warm regards,
SanskritiPulse AI Engineering Team
Department of Tourism, Government of Karnataka
------------------------------------------------------------

--- NOTIFICATION FOR SIMRAN1 (TOURISM DEPARTMENT OFFICIAL) at 2026-08-31 ---
[AUTO-SMS to 9880045620]:
Welcome to SanskritiPulse AI, simran1! Your account has been approved with role 'Tourism Department Official'. Explore living traditions, manage plans, and broadcast live updates of Karnataka's grand festivals.
[AUTO-EMAIL to nandish@gmail.com]:
Subject: Welcome to SanskritiPulse AI Portal, simran1!

Namaste simran1,

Welcome to SanskritiPulse AI - the Unified Cultural Intelligence and Stakeholder Portal of Karnataka!

Your account has been successfully configured with the role: Tourism Department Official.

Account Details:
- Username: simran1
- Assigned Role: Tourism Department Official
- Contact Email: nandish@gmail.com
- Contact Phone: 9880045620

Based on your role, you now have access to our unified features:
- Tourist Discovery: Explore custom Haversine travel plans and AI-guided routes.
- Site Operations: Publish festivals, view visitor counts, and broadcast live event advisories.
- Government Intelligence: Verify submissions, view crowd metrics, and manage regional advisory flags.

Happy Exploring!

Warm regards,
SanskritiPulse AI Engineering Team
Department of Tourism, Government of Karnataka
------------------------------------------------------------
